[22:38:53,723][WARNING][main][G] Ignite work directory is not provided, automatically resolved to: /Users/aleksandr/apache-ignite-2.16.0-bin/work
[22:38:53,795][INFO][main][IgniteKernal] 

>>>    __________  ________________  
>>>   /  _/ ___/ |/ /  _/_  __/ __/  
>>>  _/ // (7 7    // /  / / / _/    
>>> /___/\___/_/|_/___/ /_/ /___/   
>>> 
>>> ver. 2.16.0#20231215-sha1:7bde6a42
>>> 2023 Copyright(C) Apache Software Foundation
>>> 
>>> Ignite documentation: https://ignite.apache.org

[22:38:53,798][INFO][main][IgniteKernal] Config URL: file:/Users/aleksandr/apache-ignite-2.16.0-bin/bin/../examples/config/example-ignite.xml
[22:38:53,803][INFO][main][IgniteKernal] IgniteConfiguration [igniteInstanceName=null, pubPoolSize=11, svcPoolSize=11, callbackPoolSize=11, stripedPoolSize=11, sysPoolSize=11, mgmtPoolSize=4, dataStreamerPoolSize=11, utilityCachePoolSize=11, utilityCacheKeepAliveTime=60000, p2pPoolSize=2, qryPoolSize=11, buildIdxPoolSize=2, igniteHome=/Users/aleksandr/apache-ignite-2.16.0-bin, igniteWorkDir=/Users/aleksandr/apache-ignite-2.16.0-bin/work, mbeanSrv=com.sun.jmx.mbeanserver.JmxMBeanServer@1253e7cb, nodeId=c8b6f0fd-bb49-4beb-b9bf-70f9ce820c73, marsh=BinaryMarshaller [], marshLocJobs=false, p2pEnabled=true, netTimeout=5000, netCompressionLevel=1, sndRetryDelay=1000, sndRetryCnt=3, metricsHistSize=10000, metricsUpdateFreq=2000, metricsExpTime=9223372036854775807, discoSpi=TcpDiscoverySpi [addrRslvr=null, addressFilter=null, sockTimeout=0, ackTimeout=0, marsh=null, reconCnt=10, reconDelay=2000, maxAckTimeout=600000, soLinger=0, forceSrvMode=false, clientReconnectDisabled=false, internalLsnr=null, skipAddrsRandomization=false], segPlc=USE_FAILURE_HANDLER, segResolveAttempts=2, waitForSegOnStart=true, allResolversPassReq=true, segChkFreq=10000, commSpi=TcpCommunicationSpi [connectGate=org.apache.ignite.spi.communication.tcp.internal.ConnectGateway@7e70bd39, ctxInitLatch=java.util.concurrent.CountDownLatch@e6516e[Count = 1], stopping=false, clientPool=null, nioSrvWrapper=null, stateProvider=null], evtSpi=org.apache.ignite.spi.eventstorage.NoopEventStorageSpi@6de54b40, colSpi=NoopCollisionSpi [], deploySpi=LocalDeploymentSpi [], indexingSpi=org.apache.ignite.spi.indexing.noop.NoopIndexingSpi@1eef9aef, addrRslvr=null, encryptionSpi=org.apache.ignite.spi.encryption.noop.NoopEncryptionSpi@11389053, tracingSpi=org.apache.ignite.spi.tracing.NoopTracingSpi@5db99216, clientMode=false, rebalanceThreadPoolSize=2, rebalanceTimeout=10000, rebalanceBatchesPrefetchCnt=3, rebalanceThrottle=0, rebalanceBatchSize=524288, txCfg=TransactionConfiguration [txSerEnabled=false, dfltIsolation=REPEATABLE_READ, dfltConcurrency=PESSIMISTIC, dfltTxTimeout=0, txTimeoutOnPartitionMapExchange=0, pessimisticTxLogSize=0, pessimisticTxLogLinger=10000, tmLookupClsName=null, txManagerFactory=null, useJtaSync=false], cacheSanityCheckEnabled=true, discoStartupDelay=60000, deployMode=SHARED, p2pMissedCacheSize=100, locHost=null, timeSrvPortBase=31100, timeSrvPortRange=100, failureDetectionTimeout=10000, sysWorkerBlockedTimeout=null, clientFailureDetectionTimeout=30000, metricsLogFreq=60000, connectorCfg=ConnectorConfiguration [jettyPath=null, host=null, port=11211, noDelay=true, directBuf=false, sndBufSize=32768, rcvBufSize=32768, idleQryCurTimeout=600000, idleQryCurCheckFreq=60000, sndQueueLimit=0, selectorCnt=4, idleTimeout=7000, sslEnabled=false, sslClientAuth=false, sslFactory=null, portRange=100, threadPoolSize=11, msgInterceptor=null], odbcCfg=null, warmupClos=null, atomicCfg=AtomicConfiguration [seqReserveSize=1000, cacheMode=PARTITIONED, backups=1, aff=null, grpName=null], classLdr=null, sslCtxFactory=null, platformCfg=null, binaryCfg=null, memCfg=null, pstCfg=null, dsCfg=DataStorageConfiguration [pageSize=0, concLvl=0, sysDataRegConf=org.apache.ignite.configuration.SystemDataRegionConfiguration@4152d38d, dfltDataRegConf=DataRegionConfiguration [name=default, maxSize=3865470566, initSize=268435456, swapPath=null, pageEvictionMode=DISABLED, pageReplacementMode=CLOCK, evictionThreshold=0.9, emptyPagesPoolSize=100, metricsEnabled=false, metricsSubIntervalCount=5, metricsRateTimeInterval=60000, persistenceEnabled=false, checkpointPageBufSize=0, lazyMemoryAllocation=true, warmUpCfg=null, memoryAllocator=null, cdcEnabled=false], dataRegions=null, storagePath=null, checkpointFreq=180000, lockWaitTime=10000, checkpointThreads=4, checkpointWriteOrder=SEQUENTIAL, walHistSize=20, maxWalArchiveSize=1073741824, walSegments=10, walSegmentSize=67108864, walPath=db/wal, walArchivePath=db/wal/archive, cdcWalPath=db/wal/cdc, cdcWalDirMaxSize=0, metricsEnabled=false, walMode=LOG_ONLY, walTlbSize=131072, walBuffSize=0, walFlushFreq=2000, walFsyncDelay=1000, walRecordIterBuffSize=67108864, alwaysWriteFullPages=false, fileIOFactory=org.apache.ignite.internal.processors.cache.persistence.file.AsyncFileIOFactory@9cd25ff, metricsSubIntervalCnt=5, metricsRateTimeInterval=60000, walAutoArchiveAfterInactivity=-1, walForceArchiveTimeout=-1, writeThrottlingEnabled=false, walCompactionEnabled=false, walCompactionLevel=1, checkpointReadLockTimeout=null, walPageCompression=DISABLED, walPageCompressionLevel=null, dfltWarmUpCfg=null, encCfg=org.apache.ignite.configuration.EncryptionConfiguration@3574e198, defragmentationThreadPoolSize=4, minWalArchiveSize=-1, memoryAllocator=null], snapshotPath=snapshots, snapshotThreadPoolSize=4, activeOnStart=true, activeOnStartPropSetFlag=false, autoActivation=true, autoActivationPropSetFlag=false, clusterStateOnStart=null, sqlConnCfg=null, cliConnCfg=ClientConnectorConfiguration [host=null, port=10800, portRange=100, sockSndBufSize=0, sockRcvBufSize=0, tcpNoDelay=true, maxOpenCursorsPerConn=128, threadPoolSize=11, selectorCnt=5, idleTimeout=0, handshakeTimeout=10000, jdbcEnabled=true, odbcEnabled=true, thinCliEnabled=true, sslEnabled=false, useIgniteSslCtxFactory=true, sslClientAuth=false, sslCtxFactory=null, thinCliCfg=ThinClientConfiguration [maxActiveTxPerConn=100, maxActiveComputeTasksPerConn=0, sendServerExcStackTraceToClient=false], sesOutboundMsgQueueLimit=0], mvccVacuumThreadCnt=2, mvccVacuumFreq=5000, authEnabled=false, failureHnd=null, commFailureRslvr=null, sqlCfg=SqlConfiguration [longQryWarnTimeout=3000, dfltQryTimeout=0, sqlQryHistSize=1000, validationEnabled=false], asyncContinuationExecutor=null]
[22:38:53,803][INFO][main][IgniteKernal] OS: Mac OS X 15.0.1 aarch64
[22:38:53,803][INFO][main][IgniteKernal] OS user: aleksandr
[22:38:53,811][INFO][main][IgniteKernal] PID: 14821
[22:38:53,811][INFO][main][IgniteKernal] Language runtime: Java Platform API Specification ver. 11
[22:38:53,811][INFO][main][IgniteKernal] VM information: OpenJDK Runtime Environment 11.0.24+8 Eclipse Adoptium OpenJDK 64-Bit Server VM 11.0.24+8
[22:38:53,811][INFO][main][IgniteKernal] VM total memory: 4.5GB
[22:38:53,811][INFO][main][IgniteKernal] Remote Management [restart: on, REST: on, JMX (remote: off)]
[22:38:53,811][INFO][main][IgniteKernal] Logger: JavaLogger [quiet=true, config=null]
[22:38:53,812][INFO][main][IgniteKernal] IGNITE_HOME=/Users/aleksandr/apache-ignite-2.16.0-bin
[22:38:53,812][INFO][main][IgniteKernal] VM arguments: [--add-exports=java.base/jdk.internal.misc=ALL-UNNAMED, --add-exports=java.base/sun.nio.ch=ALL-UNNAMED, --add-exports=java.management/com.sun.jmx.mbeanserver=ALL-UNNAMED, --add-exports=jdk.internal.jvmstat/sun.jvmstat.monitor=ALL-UNNAMED, --add-exports=java.base/sun.reflect.generics.reflectiveObjects=ALL-UNNAMED, --add-opens=jdk.management/com.sun.management.internal=ALL-UNNAMED, --illegal-access=permit, -Dfile.encoding=UTF-8, -DIGNITE_QUIET=true, -DIGNITE_SUCCESS_FILE=/Users/aleksandr/apache-ignite-2.16.0-bin/work/ignite_success_7e9ca273-b213-495e-8281-6b7c3bcd5909, -DIGNITE_HOME=/Users/aleksandr/apache-ignite-2.16.0-bin, -DIGNITE_PROG_NAME=./ignite.sh]
[22:38:53,812][INFO][main][IgniteKernal] System cache's DataRegion size is configured to 40 MB. Use DataStorageConfiguration.systemRegionInitialSize property to change the setting.
[22:38:53,812][INFO][main][IgniteKernal] Configured caches [in 'sysMemPlc' dataRegion: ['ignite-sys-cache']]
[22:38:53,812][WARNING][main][IgniteKernal] Peer class loading is enabled (disable it in production for performance and deployment consistency reasons)
[22:38:53,812][WARNING][main][IgniteKernal] Please set system property '-Djava.net.preferIPv4Stack=true' to avoid possible problems in mixed environments.
[22:38:53,812][INFO][main][IgniteKernal] 3-rd party licenses can be found at: /Users/aleksandr/apache-ignite-2.16.0-bin/libs/licenses
[22:38:53,844][INFO][main][IgnitePluginProcessor] Configured plugins:
[22:38:53,844][INFO][main][IgnitePluginProcessor]   ^-- None
[22:38:53,844][INFO][main][IgnitePluginProcessor] 
[22:38:53,846][INFO][main][FailureProcessor] Configured failure handler: [hnd=StopNodeOrHaltFailureHandler [tryStop=false, timeout=0, super=AbstractFailureHandler [ignoredFailureTypes=UnmodifiableSet [SYSTEM_WORKER_BLOCKED, SYSTEM_CRITICAL_OPERATION_TIMEOUT]]]]
[22:38:53,869][WARNING][pub-#27][GridDiagnostic] Initial heap size is 288MB (should be no less than 512MB, use -Xms512m -Xmx512m).
[22:38:53,960][INFO][main][TcpCommunicationSpi] Successfully bound communication NIO server to TCP port [port=47100, locHost=0.0.0.0/0.0.0.0, selectorsCnt=5, selectorSpins=0, pairedConn=false]
[22:38:53,960][WARNING][main][TcpCommunicationSpi] Message queue limit is set to 0 which may lead to potential OOMEs when running cache operations in FULL_ASYNC or PRIMARY_SYNC modes due to message queues growth on sender and receiver sides.
[22:38:53,973][INFO][main][GridCollisionManager] Collision resolution is disabled (all jobs will be activated upon arrival).
[22:38:54,063][INFO][main][TcpDiscoverySpi] Successfully bound to TCP port [port=47500, localHost=0.0.0.0/0.0.0.0, locNodeId=c8b6f0fd-bb49-4beb-b9bf-70f9ce820c73]
[22:38:54,064][INFO][main][GridLocalConfigManager] Resolved page store work directory: /Users/aleksandr/apache-ignite-2.16.0-bin/work/db/0_0_0_0_0_0_0_1_lo0_127_0_0_1_192_168_183_30_47500
[22:38:54,077][INFO][main][IgniteCacheDatabaseSharedManager] Configured data regions initialized successfully [total=4]
[22:38:54,123][WARNING][main][IgniteH2Indexing] Serialization of Java objects in H2 was enabled.
[22:38:54,187][INFO][main][ClientListenerProcessor] Client connector processor has started on TCP port 10800
[22:38:54,204][INFO][main][GridTcpRestProtocol] Command protocol successfully started [name=TCP binary, host=0.0.0.0/0.0.0.0, port=11211]
[22:38:54,224][INFO][main][IgniteKernal] Non-loopback local IPs: 192.168.183.30, fe80:0:0:0:10c3:60d5:b88b:7b81%en0, fe80:0:0:0:5158:3cae:2a88:c0f9%utun3, fe80:0:0:0:8159:fa82:11b5:b3c5%utun1, fe80:0:0:0:9733:a100:f33b:1b2b%utun0, fe80:0:0:0:ce81:b1c:bd2c:69e%utun2, fe80:0:0:0:ec81:ff:fe05:fc42%awdl0, fe80:0:0:0:ec81:ff:fe05:fc42%llw0
[22:38:54,224][INFO][main][IgniteKernal] Enabled local MACs: 36678940D8E0, EE810005FC42
[22:38:54,226][INFO][main][ClusterProcessor] Cluster ID and tag has been read from metastorage: null
[22:38:54,228][INFO][main][IgniteClusterImpl] Shutdown policy was updated [oldVal=null, newVal=null]
[22:38:54,229][INFO][main][IgniteStatisticsManagerImpl] Statistics usage state was changed from null to null
[22:38:55,510][INFO][disco-notifier-worker-#52][GridClusterStateProcessor] Received activate cluster request with BaselineTopology[id=0] initiator node ID: c8b6f0fd-bb49-4beb-b9bf-70f9ce820c73
[22:38:55,510][INFO][disco-notifier-worker-#52][GridClusterStateProcessor] Started state transition: activate cluster
[22:38:55,511][INFO][disco-notifier-worker-#52][GridClusterStateProcessor] Received state change finish message: ACTIVE
[22:38:55,511][INFO][disco-notifier-worker-#52][GridClusterStateProcessor] Cluster state was changed from ACTIVE to ACTIVE
[22:38:55,512][INFO][disco-notifier-worker-#52][MvccProcessorImpl] Assigned mvcc coordinator [crd=MvccCoordinator [topVer=AffinityTopologyVersion [topVer=1, minorTopVer=0], nodeId=c8b6f0fd-bb49-4beb-b9bf-70f9ce820c73, ver=1730749135506, local=true, initialized=false]]
[22:38:55,522][INFO][sys-#58][ClusterProcessor] Writing cluster ID and tag to metastorage on ready for write ClusterIdAndTag [id=95f1ec72-aa0d-4838-8da0-9c93ef545b35, tag=jovial_thompson]
[22:38:55,530][INFO][disco-notifier-worker-#52][ClusterProcessor] Cluster tag will be set to new value: jovial_thompson, previous value was: null
[22:38:55,531][INFO][disco-notifier-worker-#52][DistributedBaselineConfiguration] Baseline parameter 'baselineAutoAdjustEnabled' was changed from 'null' to 'true'
[22:38:55,532][INFO][disco-notifier-worker-#52][DistributedBaselineConfiguration] Baseline parameter 'baselineAutoAdjustTimeout' was changed from 'null' to '0'
[22:38:55,532][INFO][disco-notifier-worker-#52][IgniteTxManager] Transactions parameter 'longOperationsDumpTimeout' was changed from 'null' to '60000'
[22:38:55,533][INFO][disco-notifier-worker-#52][IgniteTxManager] Transactions parameter 'longTransactionTimeDumpThreshold' was changed from 'null' to '0'
[22:38:55,533][INFO][disco-notifier-worker-#52][IgniteTxManager] Transactions parameter 'transactionTimeDumpSamplesCoefficient' was changed from 'null' to '0.0'
[22:38:55,534][INFO][disco-notifier-worker-#52][IgniteTxManager] Transactions parameter 'longTransactionTimeDumpSamplesPerSecondLimit' was changed from 'null' to '5'
[22:38:55,534][INFO][disco-notifier-worker-#52][IgniteTxManager] Transactions parameter 'collisionsDumpInterval' was changed from 'null' to '1000'
[22:38:55,535][INFO][disco-notifier-worker-#52][IgniteTxManager] Transactions parameter 'txOwnerDumpRequestsAllowed' was changed from 'null' to 'true'
[22:38:55,535][INFO][disco-notifier-worker-#52][IgniteSnapshotManager] The snapshot transfer rate is not limited.
[22:38:55,536][INFO][disco-notifier-worker-#52][IgniteH2Indexing] SQL parameter 'sql.defaultQueryTimeout' was changed from 'null' to '0'
[22:38:55,536][INFO][disco-notifier-worker-#52][IgniteH2Indexing] SQL parameter 'sql.disabledFunctions' was changed from 'null' to '[FILE_WRITE, CANCEL_SESSION, MEMORY_USED, CSVREAD, LINK_SCHEMA, MEMORY_FREE, FILE_READ, CSVWRITE, SESSION_ID, LOCK_MODE]'
[22:38:55,579][INFO][exchange-worker-#59][time] Started exchange init [topVer=AffinityTopologyVersion [topVer=1, minorTopVer=0], crd=true, evt=NODE_JOINED, evtNode=c8b6f0fd-bb49-4beb-b9bf-70f9ce820c73, customEvt=null, allowMerge=false, exchangeFreeSwitch=false]
[22:38:55,584][INFO][exchange-worker-#59][IgniteCacheDatabaseSharedManager] Data Regions Started: 4
[22:38:55,585][INFO][exchange-worker-#59][msg] Components activation performed in 5 ms.
[22:38:55,616][INFO][exchange-worker-#59][GridCacheProcessor] Started cache [name=ignite-sys-cache, id=-2100569601, dataRegionName=sysMemPlc, mode=REPLICATED, atomicity=TRANSACTIONAL, backups=2147483647]
[22:38:55,618][INFO][exchange-worker-#59][GridCacheProcessor] Starting caches on local join performed in 37 ms.
[22:38:55,621][INFO][exchange-worker-#59][GridDhtPartitionsExchangeFuture] Skipped waiting for partitions release future (local node is joining) [topVer=AffinityTopologyVersion [topVer=1, minorTopVer=0]]
[22:38:55,640][INFO][exchange-worker-#59][GridDhtPartitionsExchangeFuture] finishExchangeOnCoordinator [topVer=AffinityTopologyVersion [topVer=1, minorTopVer=0], resVer=AffinityTopologyVersion [topVer=1, minorTopVer=0]]
[22:38:55,644][INFO][exchange-worker-#59][GridDhtPartitionsExchangeFuture] Finish exchange future [startVer=AffinityTopologyVersion [topVer=1, minorTopVer=0], resVer=AffinityTopologyVersion [topVer=1, minorTopVer=0], err=null, rebalanced=true, wasRebalanced=false]
[22:38:55,648][INFO][exchange-worker-#59][GridCacheProcessor] Finish proxy initialization, cacheName=ignite-sys-cache, localNodeId=c8b6f0fd-bb49-4beb-b9bf-70f9ce820c73
[22:38:55,648][INFO][exchange-worker-#59][GridDhtPartitionsExchangeFuture] Completed partition exchange [localNode=c8b6f0fd-bb49-4beb-b9bf-70f9ce820c73, exchange=GridDhtPartitionsExchangeFuture [topVer=AffinityTopologyVersion [topVer=1, minorTopVer=0], evt=NODE_JOINED, evtNode=TcpDiscoveryNode [id=c8b6f0fd-bb49-4beb-b9bf-70f9ce820c73, consistentId=0:0:0:0:0:0:0:1%lo0,127.0.0.1,192.168.183.30:47500, addrs=ArrayList [0:0:0:0:0:0:0:1%lo0, 127.0.0.1, 192.168.183.30], sockAddrs=HashSet [/0:0:0:0:0:0:0:1%lo0:47500, /127.0.0.1:47500, /192.168.183.30:47500], discPort=47500, order=1, intOrder=1, lastExchangeTime=1730749134224, loc=true, ver=2.16.0#20231215-sha1:7bde6a42, isClient=false], rebalanced=true, done=true, newCrdFut=null], topVer=AffinityTopologyVersion [topVer=1, minorTopVer=0]]
[22:38:55,648][INFO][exchange-worker-#59][GridDhtPartitionsExchangeFuture] Exchange timings [startVer=AffinityTopologyVersion [topVer=1, minorTopVer=0], resVer=AffinityTopologyVersion [topVer=1, minorTopVer=0], stage="Waiting in exchange queue" (60 ms), stage="Exchange parameters initialization" (0 ms), stage="Components activation" (5 ms), stage="Determine exchange type" (36 ms), stage="Preloading notification" (0 ms), stage="After states restored callback" (18 ms), stage="WAL history reservation" (0 ms), stage="Waiting for all single messages" (0 ms), stage="Affinity recalculation (crd)" (0 ms), stage="Collect update counters and create affinity messages" (0 ms), stage="Assign partitions states" (0 ms), stage="Validate partitions states" (0 ms), stage="Apply update counters" (0 ms), stage="Full message preparing" (3 ms), stage="Full message sending" (0 ms), stage="State finish message sending" (0 ms), stage="Exchange done" (4 ms), stage="Total time" (126 ms)]
[22:38:55,648][INFO][exchange-worker-#59][GridDhtPartitionsExchangeFuture] Exchange longest local stages [startVer=AffinityTopologyVersion [topVer=1, minorTopVer=0], resVer=AffinityTopologyVersion [topVer=1, minorTopVer=0], stage="Coordinator affinity cache init [grp=ignite-sys-cache]" (34 ms) (parent=Determine exchange type), stage="First node affinity initialization (node join) [grp=ignite-sys-cache]" (1 ms) (parent=Determine exchange type)]
[22:38:55,651][INFO][exchange-worker-#59][time] Finished exchange init [topVer=AffinityTopologyVersion [topVer=1, minorTopVer=0], crd=true]
[22:38:55,652][INFO][exchange-worker-#59][GridCachePartitionExchangeManager] Skipping rebalancing (nothing scheduled) [top=AffinityTopologyVersion [topVer=1, minorTopVer=0], force=false, evt=NODE_JOINED, node=c8b6f0fd-bb49-4beb-b9bf-70f9ce820c73]
[22:38:55,660][INFO][main][IgniteKernal] Security status [authentication=off, sandbox=off, tls/ssl=off]
[22:38:55,660][INFO][main][IgniteKernal] Performance suggestions for grid  (fix if possible)
[22:38:55,660][INFO][main][IgniteKernal] To disable, set -DIGNITE_PERFORMANCE_SUGGESTIONS_DISABLED=true
[22:38:55,660][INFO][main][IgniteKernal]   ^-- Disable grid events (remove 'includeEventTypes' from configuration)
[22:38:55,660][INFO][main][IgniteKernal]   ^-- Specify JVM heap max size (add '-Xmx<size>[g|G|m|M|k|K]' to JVM options)
[22:38:55,661][INFO][main][IgniteKernal]   ^-- Set max direct memory size if getting 'OOME: Direct buffer memory' (add '-XX:MaxDirectMemorySize=<size>[g|G|m|M|k|K]' to JVM options)
[22:38:55,661][INFO][main][IgniteKernal] Refer to this page for more performance suggestions: https://ignite.apache.org/docs/latest/perf-and-troubleshooting/memory-tuning
[22:38:55,661][INFO][main][IgniteKernal] 
[22:38:55,661][INFO][main][IgniteKernal] 

>>> +-----------------------------------------------------------------------+
>>> Ignite ver. 2.16.0#20231215-sha1:7bde6a42b7fda05f8058350d30d67e57ada216d0
>>> +-----------------------------------------------------------------------+
>>> OS name: Mac OS X 15.0.1 aarch64
>>> CPU(s): 11
>>> Heap: 4.5GB
>>> VM name: 14821@MacBook-Pro-Aleksandr-4.local
>>> Local node [ID=C8B6F0FD-BB49-4BEB-B9BF-70F9CE820C73, order=1, clientMode=false]
>>> Local node addresses: [192.168.183.30/0:0:0:0:0:0:0:1%lo0, /127.0.0.1, /192.168.183.30]
>>> Local ports: TCP:10800 TCP:11211 TCP:47100 UDP:47400 TCP:47500 
>>> +-----------------------------------------------------------------------+

[22:38:55,662][INFO][main][GridDiscoveryManager] Topology snapshot [ver=1, locNode=c8b6f0fd, servers=1, clients=0, state=ACTIVE, CPUs=11, offheap=3.6GB, heap=4.5GB, aliveNodes=[TcpDiscoveryNode [id=c8b6f0fd-bb49-4beb-b9bf-70f9ce820c73, consistentId=0:0:0:0:0:0:0:1%lo0,127.0.0.1,192.168.183.30:47500, isClient=false, ver=2.16.0#20231215-sha1:7bde6a42]]]
[22:38:55,662][INFO][main][GridDiscoveryManager]   ^-- Baseline [id=0, size=1, online=1, offline=0]
[22:38:55,662][INFO][main][G] Node started : [stage="Configure system pool" (25 ms),stage="Start managers" (194 ms),stage="Configure binary metadata" (16 ms),stage="Start processors" (219 ms),stage="Init metastore" (7 ms),stage="Finish recovery" (0 ms),stage="Join topology" (1281 ms),stage="Await transition" (15 ms),stage="Await exchange" (134 ms),stage="Total time" (1891 ms)]
[22:39:00,311][INFO][shutdown-hook][G] Invoking shutdown hook...
